******************************************************************************
                  TI ARM Linker PC v16.9.7                     
******************************************************************************
>> Linked Tue Oct 23 21:22:52 2018

OUTPUT FILE NAME:   <test_int.out>
ENTRY POINT SYMBOL: "_c_int00"  address: 000007ad


MEMORY CONFIGURATION

         name            origin    length      used     unused   attr    fill
----------------------  --------  ---------  --------  --------  ----  --------
  MAIN                  00000000   00040000  0000093a  0003f6c6  R  X
  INFO                  00200000   00004000  00000000  00004000  R  X
  SRAM_CODE             01000000   00010000  00000224  0000fddc  RW X
  SRAM_DATA             20000000   00010000  00000224  0000fddc  RW  


SEGMENT ALLOCATION MAP

run origin  load origin   length   init length attrs members
----------  ----------- ---------- ----------- ----- -------
00000000    00000000    00000940   00000940    r-x
  00000000    00000000    000000e4   000000e4    r-- .intvecs
  000000e4    000000e4    00000816   00000816    r-x .text
  00000900    00000900    00000040   00000040    r-- .cinit
20000000    20000000    00000024   00000000    rw-
  20000000    20000000    00000020   00000000    rw- .data
  20000020    20000020    00000004   00000000    rw- .bss
2000fe00    2000fe00    00000200   00000000    rw-
  2000fe00    2000fe00    00000200   00000000    rw- .stack


SECTION ALLOCATION MAP

 output                                  attributes/
section   page    origin      length       input sections
--------  ----  ----------  ----------   ----------------
.intvecs   0    00000000    000000e4     
                  00000000    000000e4     startup_msp432p401r_ccs.obj (.intvecs:retain)

.binit     0    00000000    00000000     

.text      0    000000e4    00000816     
                  000000e4    00000334     system_msp432p401r.obj (.text)
                  00000418    000001a4     main.obj (.text)
                  000005bc    0000009c     rtsv7M4_T_le_v4SPD16_eabi.lib : memcpy_t2.obj (.text)
                  00000658    0000007a                                   : memset_t2.obj (.text)
                  000006d2    00000002                                   : mpu_init.obj (.text)
                  000006d4    00000070                                   : autoinit.obj (.text)
                  00000744    00000068                                   : copy_decompress_lzss.obj (.text:decompress:lzss)
                  000007ac    00000054                                   : boot.obj (.text)
                  00000800    00000054                                   : exit.obj (.text)
                  00000854    0000004c                                   : cpy_tbl.obj (.text)
                  000008a0    00000018                                   : args_main.obj (.text)
                  000008b8    00000014                                   : _lock.obj (.text)
                  000008cc    0000000e                                   : copy_decompress_none.obj (.text:decompress:none)
                  000008da    0000000e     startup_msp432p401r_ccs.obj (.text)
                  000008e8    0000000c     rtsv7M4_T_le_v4SPD16_eabi.lib : copy_zero_init.obj (.text:decompress:ZI)
                  000008f4    00000004                                   : pre_init.obj (.text)
                  000008f8    00000002                                   : startup.obj (.text)

.cinit     0    00000900    00000040     
                  00000900    00000018     (.cinit..data.load) [load image, compression = lzss]
                  00000918    0000000c     (__TI_handler_table)
                  00000924    00000004     --HOLE-- [fill = 0]
                  00000928    00000008     (.cinit..bss.load) [load image, compression = zero_init]
                  00000930    00000010     (__TI_cinit_table)

.init_array 
*          0    00000000    00000000     UNINITIALIZED

.data      0    20000000    00000020     UNINITIALIZED
                  20000000    0000000c     rtsv7M4_T_le_v4SPD16_eabi.lib : exit.obj (.data:$O1$$)
                  2000000c    00000008                                   : _lock.obj (.data:$O1$$)
                  20000014    00000004     main.obj (.data)
                  20000018    00000004     rtsv7M4_T_le_v4SPD16_eabi.lib : stkdepth_vars.obj (.data)
                  2000001c    00000004     system_msp432p401r.obj (.data)

.bss       0    20000020    00000004     UNINITIALIZED
                  20000020    00000004     (.common:deb_cnt)

.stack     0    2000fe00    00000200     UNINITIALIZED
                  2000fe00    00000200     --HOLE--

MODULE SUMMARY

       Module                        code   ro data   rw data
       ------                        ----   -------   -------
    .\
       system_msp432p401r.obj        820    0         8      
       main.obj                      420    0         16     
       startup_msp432p401r_ccs.obj   14     228       0      
    +--+-----------------------------+------+---------+---------+
       Total:                        1254   228       24     
                                                             
    C:\ti\ccsv7\tools\compiler\ti-cgt-arm_16.9.7.LTS\lib\rtsv7M4_T_le_v4SPD16_eabi.lib
       memcpy_t2.obj                 156    0         0      
       memset_t2.obj                 122    0         0      
       autoinit.obj                  112    0         0      
       exit.obj                      84     0         24     
       copy_decompress_lzss.obj      104    0         0      
       boot.obj                      84     0         0      
       cpy_tbl.obj                   76     0         0      
       _lock.obj                     20     0         16     
       args_main.obj                 24     0         0      
       copy_decompress_none.obj      14     0         0      
       copy_zero_init.obj            12     0         0      
       stkdepth_vars.obj             0      0         8      
       pre_init.obj                  4      0         0      
       mpu_init.obj                  2      0         0      
       startup.obj                   2      0         0      
    +--+-----------------------------+------+---------+---------+
       Total:                        816    0         48     
                                                             
       Stack:                        0      0         1024   
       Linker Generated:             0      60        0      
    +--+-----------------------------+------+---------+---------+
       Grand Total:                  2070   288       1096   


LINKER GENERATED COPY TABLES

__TI_cinit_table @ 00000930 records: 2, size/record: 8, table size: 16
	.data: load addr=00000900, load size=00000018 bytes, run addr=20000000, run size=00000020 bytes, compression=lzss
	.bss: load addr=00000928, load size=00000008 bytes, run addr=20000020, run size=00000004 bytes, compression=zero_init


LINKER GENERATED HANDLER TABLE

__TI_handler_table @ 00000918 records: 3, size/record: 4, table size: 12
	index: 0, handler: __TI_decompress_lzss
	index: 1, handler: __TI_decompress_none
	index: 2, handler: __TI_zero_init


GLOBAL SYMBOLS: SORTED ALPHABETICALLY BY Name 

address   name                           
-------   ----                           
000008e7  ADC14_IRQHandler               
000008e7  AES256_IRQHandler              
000008e7  BusFault_Handler               
00000801  C$$EXIT                        
000008e7  COMP_E0_IRQHandler             
000008e7  COMP_E1_IRQHandler             
000008e7  CS_IRQHandler                  
000008e7  DMA_ERR_IRQHandler             
000008e7  DMA_INT0_IRQHandler            
000008e7  DMA_INT1_IRQHandler            
000008e7  DMA_INT2_IRQHandler            
000008e7  DMA_INT3_IRQHandler            
000008e7  DebugMon_Handler               
000008e7  Default_Handler                
000008e7  EUSCIA0_IRQHandler             
000008e7  EUSCIA1_IRQHandler             
000008e7  EUSCIA2_IRQHandler             
000008e7  EUSCIA3_IRQHandler             
000008e7  EUSCIB0_IRQHandler             
000008e7  EUSCIB1_IRQHandler             
000008e7  EUSCIB2_IRQHandler             
000008e7  EUSCIB3_IRQHandler             
000008e7  FLCTL_IRQHandler               
000008e7  FPU_IRQHandler                 
000008e7  HardFault_Handler              
000008e7  MemManage_Handler              
000008e7  NMI_Handler                    
000008e7  PCM_IRQHandler                 
000004cf  PORT1_IRQHandler               
000004cf  PORT1_IRQHandler               
000008e7  PORT2_IRQHandler               
000008e7  PORT3_IRQHandler               
000008e7  PORT4_IRQHandler               
000008e7  PORT5_IRQHandler               
000008e7  PORT6_IRQHandler               
000008e7  PSS_IRQHandler                 
000008e7  PendSV_Handler                 
000008e7  RTC_C_IRQHandler               
000008db  Reset_Handler                  
UNDEFED   SHT$$INIT_ARRAY$$Base          
UNDEFED   SHT$$INIT_ARRAY$$Limit         
000008e7  SVC_Handler                    
000008e7  SysTick_Handler                
2000001c  SystemCoreClock                
000000e5  SystemCoreClockUpdate          
0000035d  SystemInit                     
000008e7  T32_INT1_IRQHandler            
000008e7  T32_INT2_IRQHandler            
000008e7  T32_INTC_IRQHandler            
000008e7  TA0_0_IRQHandler               
000008e7  TA0_N_IRQHandler               
000008e7  TA1_0_IRQHandler               
000008e7  TA1_N_IRQHandler               
000008e7  TA2_0_IRQHandler               
000008e7  TA2_N_IRQHandler               
000008e7  TA3_0_IRQHandler               
000008e7  TA3_N_IRQHandler               
000008e7  UsageFault_Handler             
4000480c  WDTCTL_SYM                     
000008e7  WDT_A_IRQHandler               
20010000  __STACK_END                    
00000200  __STACK_SIZE                   
00000930  __TI_CINIT_Base                
00000940  __TI_CINIT_Limit               
00000918  __TI_Handler_Table_Base        
00000924  __TI_Handler_Table_Limit       
000006d5  __TI_auto_init                 
20000000  __TI_cleanup_ptr               
00000745  __TI_decompress_lzss           
000008cd  __TI_decompress_none           
20000004  __TI_dtors_ptr                 
20000008  __TI_enable_exit_profile_output
ffffffff  __TI_pprof_out_hndl            
ffffffff  __TI_prof_data_size            
ffffffff  __TI_prof_data_start           
00000000  __TI_static_base__             
000008e9  __TI_zero_init                 
00000659  __aeabi_memclr                 
00000659  __aeabi_memclr4                
00000659  __aeabi_memclr8                
000005bd  __aeabi_memcpy                 
000005bd  __aeabi_memcpy4                
000005bd  __aeabi_memcpy8                
0000065b  __aeabi_memset                 
0000065b  __aeabi_memset4                
0000065b  __aeabi_memset8                
ffffffff  __binit__                      
ffffffff  __c_args__                     
000006d3  __mpu_init                     
2000fe00  __stack                        
000008a1  _args_main                     
000007ad  _c_int00                       
2000000c  _lock                          
000008c7  _nop                           
000008bf  _register_lock                 
000008b9  _register_unlock               
000008f9  _system_post_cinit             
000008f5  _system_pre_init               
20000010  _unlock                        
00000805  abort                          
ffffffff  binit                          
00000855  copy_in                        
20000020  deb_cnt                        
0000080d  exit                           
20000014  incr                           
00000000  interruptVectors               
00000419  main                           
20000018  main_func_sp                   
000005bd  memcpy                         
00000661  memset                         


GLOBAL SYMBOLS: SORTED BY Symbol Address 

address   name                           
-------   ----                           
00000000  __TI_static_base__             
00000000  interruptVectors               
000000e5  SystemCoreClockUpdate          
00000200  __STACK_SIZE                   
0000035d  SystemInit                     
00000419  main                           
000004cf  PORT1_IRQHandler               
000004cf  PORT1_IRQHandler               
000005bd  __aeabi_memcpy                 
000005bd  __aeabi_memcpy4                
000005bd  __aeabi_memcpy8                
000005bd  memcpy                         
00000659  __aeabi_memclr                 
00000659  __aeabi_memclr4                
00000659  __aeabi_memclr8                
0000065b  __aeabi_memset                 
0000065b  __aeabi_memset4                
0000065b  __aeabi_memset8                
00000661  memset                         
000006d3  __mpu_init                     
000006d5  __TI_auto_init                 
00000745  __TI_decompress_lzss           
000007ad  _c_int00                       
00000801  C$$EXIT                        
00000805  abort                          
0000080d  exit                           
00000855  copy_in                        
000008a1  _args_main                     
000008b9  _register_unlock               
000008bf  _register_lock                 
000008c7  _nop                           
000008cd  __TI_decompress_none           
000008db  Reset_Handler                  
000008e7  ADC14_IRQHandler               
000008e7  AES256_IRQHandler              
000008e7  BusFault_Handler               
000008e7  COMP_E0_IRQHandler             
000008e7  COMP_E1_IRQHandler             
000008e7  CS_IRQHandler                  
000008e7  DMA_ERR_IRQHandler             
000008e7  DMA_INT0_IRQHandler            
000008e7  DMA_INT1_IRQHandler            
000008e7  DMA_INT2_IRQHandler            
000008e7  DMA_INT3_IRQHandler            
000008e7  DebugMon_Handler               
000008e7  Default_Handler                
000008e7  EUSCIA0_IRQHandler             
000008e7  EUSCIA1_IRQHandler             
000008e7  EUSCIA2_IRQHandler             
000008e7  EUSCIA3_IRQHandler             
000008e7  EUSCIB0_IRQHandler             
000008e7  EUSCIB1_IRQHandler             
000008e7  EUSCIB2_IRQHandler             
000008e7  EUSCIB3_IRQHandler             
000008e7  FLCTL_IRQHandler               
000008e7  FPU_IRQHandler                 
000008e7  HardFault_Handler              
000008e7  MemManage_Handler              
000008e7  NMI_Handler                    
000008e7  PCM_IRQHandler                 
000008e7  PORT2_IRQHandler               
000008e7  PORT3_IRQHandler               
000008e7  PORT4_IRQHandler               
000008e7  PORT5_IRQHandler               
000008e7  PORT6_IRQHandler               
000008e7  PSS_IRQHandler                 
000008e7  PendSV_Handler                 
000008e7  RTC_C_IRQHandler               
000008e7  SVC_Handler                    
000008e7  SysTick_Handler                
000008e7  T32_INT1_IRQHandler            
000008e7  T32_INT2_IRQHandler            
000008e7  T32_INTC_IRQHandler            
000008e7  TA0_0_IRQHandler               
000008e7  TA0_N_IRQHandler               
000008e7  TA1_0_IRQHandler               
000008e7  TA1_N_IRQHandler               
000008e7  TA2_0_IRQHandler               
000008e7  TA2_N_IRQHandler               
000008e7  TA3_0_IRQHandler               
000008e7  TA3_N_IRQHandler               
000008e7  UsageFault_Handler             
000008e7  WDT_A_IRQHandler               
000008e9  __TI_zero_init                 
000008f5  _system_pre_init               
000008f9  _system_post_cinit             
00000918  __TI_Handler_Table_Base        
00000924  __TI_Handler_Table_Limit       
00000930  __TI_CINIT_Base                
00000940  __TI_CINIT_Limit               
20000000  __TI_cleanup_ptr               
20000004  __TI_dtors_ptr                 
20000008  __TI_enable_exit_profile_output
2000000c  _lock                          
20000010  _unlock                        
20000014  incr                           
20000018  main_func_sp                   
2000001c  SystemCoreClock                
20000020  deb_cnt                        
2000fe00  __stack                        
20010000  __STACK_END                    
4000480c  WDTCTL_SYM                     
ffffffff  __TI_pprof_out_hndl            
ffffffff  __TI_prof_data_size            
ffffffff  __TI_prof_data_start           
ffffffff  __binit__                      
ffffffff  __c_args__                     
ffffffff  binit                          
UNDEFED   SHT$$INIT_ARRAY$$Base          
UNDEFED   SHT$$INIT_ARRAY$$Limit         

[110 symbols]
